// Jest Snapshot v1, https://goo.gl/fbAQLP

exports[`utils.measureCanvasText 1`] = `
Object {
  "height": 192,
  "numberOfLines": 8,
  "width": 528,
}
`;
